// Jest Snapshot v1, https://goo.gl/fbAQLP

exports[`App component renders App 1`] = `
<Fragment>
  <pre
    className="Display"
  >
    <t
      collapseStringsAfterLength={false}
      collapsed={false}
      defaultValue={null}
      displayDataTypes={false}
      displayObjectSize={true}
      enableClipboard={true}
      groupArraysAfterLength={100}
      iconStyle="triangle"
      indentWidth={4}
      name="root"
      onAdd={false}
      onDelete={false}
      onEdit={false}
      onSelect={false}
      shouldCollapse={false}
      sortKeys={false}
      src={
        Object {
          "key": "value",
        }
      }
      style={Object {}}
      theme="harmonic"
      validationMessage="Validation Error"
    />
  </pre>
</Fragment>
`;
